// Jest Snapshot v1, https://goo.gl/fbAQLP

exports[`charts.service loadVaultChartData returns requested vault chart data if exists 1`] = `
Array [
  HistoricVaultSnapshotModel {
    "address": "0x937B8E917d0F36eDEBBA8E459C5FB16F3b315551",
    "apr": 37.36199709573286,
    "available": 93.04307958110472,
    "balance": 160912.73437961238,
    "block": 15298287,
    "boostWeight": 0,
    "harvestApr": 37.36199709573286,
    "id": "ethereum-0x937B8E917d0F36eDEBBA8E459C5FB16F3b315551",
    "pricePerFullShare": 1,
    "strategy": Object {
      "address": "0x98Ca7AFa876f0e15494E76E92C5b3658cdE1Ffe1",
      "aumFee": 0,
      "performanceFee": 0,
      "strategistFee": 0,
      "withdrawFee": 10,
    },
    "strategyBalance": 160819.69130003126,
    "timestamp": 1660223160457,
    "totalSupply": 160912.73437961238,
    "value": 1116121.18,
    "yieldApr": 37.36199709573286,
  },
  HistoricVaultSnapshotModel {
    "address": "0x937B8E917d0F36eDEBBA8E459C5FB16F3b315551",
    "apr": 36.42043576354977,
    "available": 93.04307958110472,
    "balance": 160912.73437961238,
    "block": 15291696,
    "boostWeight": 0,
    "harvestApr": 36.42043576354977,
    "id": "ethereum-0x937B8E917d0F36eDEBBA8E459C5FB16F3b315551",
    "pricePerFullShare": 1,
    "strategy": Object {
      "address": "0x98Ca7AFa876f0e15494E76E92C5b3658cdE1Ffe1",
      "aumFee": 0,
      "performanceFee": 0,
      "strategistFee": 0,
      "withdrawFee": 10,
    },
    "strategyBalance": 160819.69130003126,
    "timestamp": 1660223160457,
    "totalSupply": 160912.73437961238,
    "value": 1137078.69,
    "yieldApr": 36.42043576354977,
  },
  HistoricVaultSnapshotModel {
    "address": "0x937B8E917d0F36eDEBBA8E459C5FB16F3b315551",
    "apr": 36.058699370488235,
    "available": 227.79837966012852,
    "balance": 159193.72047228398,
    "block": 15285176,
    "boostWeight": 0,
    "harvestApr": 36.058699370488235,
    "id": "ethereum-0x937B8E917d0F36eDEBBA8E459C5FB16F3b315551",
    "pricePerFullShare": 1,
    "strategy": Object {
      "address": "0x98Ca7AFa876f0e15494E76E92C5b3658cdE1Ffe1",
      "aumFee": 0,
      "performanceFee": 0,
      "strategistFee": 0,
      "withdrawFee": 10,
    },
    "strategyBalance": 158965.92209262386,
    "timestamp": 1660223160457,
    "totalSupply": 159193.72047228398,
    "value": 1128118.19,
    "yieldApr": 36.058699370488235,
  },
  HistoricVaultSnapshotModel {
    "address": "0x937B8E917d0F36eDEBBA8E459C5FB16F3b315551",
    "apr": 36.18786526089967,
    "available": 227.79837966012852,
    "balance": 159193.72047228398,
    "block": 15278533,
    "boostWeight": 0,
    "harvestApr": 0.006305366586500938,
    "id": "ethereum-0x937B8E917d0F36eDEBBA8E459C5FB16F3b315551",
    "pricePerFullShare": 1,
    "strategy": Object {
      "address": "0x98Ca7AFa876f0e15494E76E92C5b3658cdE1Ffe1",
      "aumFee": 0,
      "performanceFee": 0,
      "strategistFee": 0,
      "withdrawFee": 10,
    },
    "strategyBalance": 158965.92209262386,
    "timestamp": 1660223160457,
    "totalSupply": 159193.72047228398,
    "value": 1097323.6,
    "yieldApr": 0.006305366586500938,
  },
]
`;
