// Jest Snapshot v1, https://goo.gl/fbAQLP

exports[`ChartsController GET /v2/charts with an unsupported address returns a 404 1`] = `
Object {
  "message": "0x4206942069420694206942069420694206942069 is not a valid sett",
}
`;
