// Jest Snapshot v1, https://goo.gl/fbAQLP

exports[`TokensController GET /v2/tokens with a specified chain returns the specified token config for bsc 1`] = `
Object {
  "0x0E09FaBB73Bd3Ade0a17ECC321fD13a19e81cE82": Object {
    "address": "0x0E09FaBB73Bd3Ade0a17ECC321fD13a19e81cE82",
    "decimals": 18,
    "name": "Cake",
    "symbol": "CAKE",
  },
  "0x1F7216fdB338247512Ec99715587bb97BBf96eae": Object {
    "address": "0x1F7216fdB338247512Ec99715587bb97BBf96eae",
    "decimals": 18,
    "name": "bBadger",
    "symbol": "bBADGER",
  },
  "0x5986D5c77c65e5801a5cAa4fAE80089f870A71dA": Object {
    "address": "0x5986D5c77c65e5801a5cAa4fAE80089f870A71dA",
    "decimals": 18,
    "name": "bDigg",
    "symbol": "bDIGG",
  },
  "0x5A58609dA96469E9dEf3fE344bC39B00d18eb9A5": Object {
    "address": "0x5A58609dA96469E9dEf3fE344bC39B00d18eb9A5",
    "decimals": 18,
    "name": "Pancakeswap: BBADGER-BTCB",
    "symbol": "PLP-BBADGER-BTCB",
  },
  "0x61EB789d75A95CAa3fF50ed7E47b96c132fEc082": Object {
    "address": "0x61EB789d75A95CAa3fF50ed7E47b96c132fEc082",
    "decimals": 18,
    "name": "Pancakeswap: BNB-BTCB",
    "symbol": "PLP-BNB-BTCB",
  },
  "0x7130d2A12B9BCbFAe4f2634d864A1Ee1Ce3Ead9c": Object {
    "address": "0x7130d2A12B9BCbFAe4f2634d864A1Ee1Ce3Ead9c",
    "decimals": 18,
    "name": "Binance Pegged Bitcoin",
    "symbol": "BTCB",
  },
  "0x753fbc5800a8C8e3Fb6DC6415810d627A387Dfc9": Object {
    "address": "0x753fbc5800a8C8e3Fb6DC6415810d627A387Dfc9",
    "decimals": 18,
    "name": "Badger",
    "symbol": "BADGER",
  },
  "0x7561EEe90e24F3b348E1087A005F78B4c8453524": Object {
    "address": "0x7561EEe90e24F3b348E1087A005F78B4c8453524",
    "decimals": 18,
    "name": "Pancakeswap: BNB-BTCB",
    "symbol": "PLP-BNB-BTCB",
  },
  "0x81d776C90c89B8d51E9497D58338933127e2fA80": Object {
    "address": "0x81d776C90c89B8d51E9497D58338933127e2fA80",
    "decimals": 18,
    "name": "Pancakeswap: BDIGG-BTCB",
    "symbol": "PLP-BDIGG-BTCB",
  },
  "0x857F91f735f4B03b19D2b5c6E476C73DB8241F55": Object {
    "address": "0x857F91f735f4B03b19D2b5c6E476C73DB8241F55",
    "decimals": 18,
    "name": "bPancakeswap: BBADGER-BTCB",
    "symbol": "bPLP-BBADGER-BTCB",
  },
  "0xa861Ba302674b08f7F2F24381b705870521DDfed": Object {
    "address": "0xa861Ba302674b08f7F2F24381b705870521DDfed",
    "decimals": 18,
    "name": "Pancakeswap: BDIGG-BTCB",
    "symbol": "bPLP-BDIGG-BTCB",
  },
  "0xaf4B9C4b545D5324904bAa15e29796D2E2f90813": Object {
    "address": "0xaf4B9C4b545D5324904bAa15e29796D2E2f90813",
    "decimals": 18,
    "name": "bPancakeswap: WBNB-BTCB",
    "symbol": "bPLP-BNB-BTCB",
  },
  "0xbb4CdB9CBd36B01bD1cBaEBF2De08d9173bc095c": Object {
    "address": "0xbb4CdB9CBd36B01bD1cBaEBF2De08d9173bc095c",
    "decimals": 18,
    "name": "Wrapped Binance Coin",
    "symbol": "WBNB",
  },
}
`;

exports[`TokensController GET /v2/tokens with a specified chain returns the specified token config for eth 1`] = `
Object {
  "0x0316EB71485b0Ab14103307bf65a021042c6d380": Object {
    "address": "0x0316EB71485b0Ab14103307bf65a021042c6d380",
    "decimals": 18,
    "name": "Huobi BTC",
    "symbol": "HBTC",
  },
  "0x04c90C198b2eFF55716079bc06d7CCc4aa4d7512": Object {
    "address": "0x04c90C198b2eFF55716079bc06d7CCc4aa4d7512",
    "decimals": 18,
    "name": "Curve.fi CVX/bveCVX",
    "symbol": "crvCVXbveCVX",
  },
  "0x04c90C198b2eFF55716079bc06d7CCc4aa4d7512": Object {
    "address": "0x04c90C198b2eFF55716079bc06d7CCc4aa4d7512",
    "decimals": 18,
    "name": "Curve.fi CVX/bveCVX",
    "symbol": "crvCVXbveCVX",
    "type": "CurveLP",
  },
  "0x075b1bb99792c9E1041bA13afEf80C91a1e70fB3": Object {
    "address": "0x075b1bb99792c9E1041bA13afEf80C91a1e70fB3",
    "decimals": 18,
    "name": "Curve.fi renBTC/wBTC/sBTC",
    "symbol": "crvsBTC",
  },
  "0x110492b31c59716AC47337E616804E3E3AdC0b4a": Object {
    "address": "0x110492b31c59716AC47337E616804E3E3AdC0b4a",
    "decimals": 18,
    "name": "Sushiswap: WBTC-BADGER",
    "symbol": "SLP-BADGER-WBTC",
  },
  "0x17d8CBB6Bce8cEE970a4027d1198F6700A7a6c24": Object {
    "address": "0x17d8CBB6Bce8cEE970a4027d1198F6700A7a6c24",
    "decimals": 18,
    "name": "imBTC",
    "symbol": "imBTC",
  },
  "0x1862A18181346EBd9EdAf800804f89190DeF24a5": Object {
    "address": "0x1862A18181346EBd9EdAf800804f89190DeF24a5",
    "decimals": 18,
    "name": "bSushiSwap: WBTC-BADGER",
    "symbol": "bSLP-BADGER-WBTC",
  },
  "0x18d98D452072Ac2EB7b74ce3DB723374360539f1": Object {
    "address": "0x18d98D452072Ac2EB7b74ce3DB723374360539f1",
    "decimals": 18,
    "name": "Sushiswap: ibBTC-WBTC",
    "symbol": "SLP-IBBTC-WBTC",
  },
  "0x19D97D8fA813EE2f51aD4B4e04EA08bAf4DFfC28": Object {
    "address": "0x19D97D8fA813EE2f51aD4B4e04EA08bAf4DFfC28",
    "decimals": 18,
    "name": "bBadger",
    "symbol": "bBADGER",
  },
  "0x20c36f062a31865bED8a5B1e512D9a1A20AA333A": Object {
    "address": "0x20c36f062a31865bED8a5B1e512D9a1A20AA333A",
    "decimals": 18,
    "name": "DeFi Dollar",
    "symbol": "DFD",
  },
  "0x2260FAC5E5542a773Aa44fBCfeDf7C193bc2C599": Object {
    "address": "0x2260FAC5E5542a773Aa44fBCfeDf7C193bc2C599",
    "decimals": 8,
    "name": "Wrapped Bitcoin",
    "symbol": "WBTC",
  },
  "0x235c9e24D3FB2FAFd58a2E49D454Fdcd2DBf7FF1": Object {
    "address": "0x235c9e24D3FB2FAFd58a2E49D454Fdcd2DBf7FF1",
    "decimals": 18,
    "name": "bUniswap V2: WBTC-BADGER",
    "symbol": "bBADGER-WBTC",
  },
  "0x26B8efa69603537AC8ab55768b6740b67664D518": Object {
    "address": "0x26B8efa69603537AC8ab55768b6740b67664D518",
    "decimals": 18,
    "name": "bmhBTC",
    "symbol": "bmhBTC",
  },
  "0x27E98fC7d05f54E544d16F58C194C2D7ba71e3B5": Object {
    "address": "0x27E98fC7d05f54E544d16F58C194C2D7ba71e3B5",
    "decimals": 18,
    "name": "bCurve.fi USD/BTC/ETH",
    "symbol": "bcrvTricrypto2",
  },
  "0x2B5455aac8d64C14786c3a29858E43b5945819C0": Object {
    "address": "0x2B5455aac8d64C14786c3a29858E43b5945819C0",
    "decimals": 18,
    "name": "bCVXCRV",
    "symbol": "bCVXCRV",
  },
  "0x2fE94ea3d5d4a175184081439753DE15AeF9d614": Object {
    "address": "0x2fE94ea3d5d4a175184081439753DE15AeF9d614",
    "decimals": 18,
    "name": "Curve.fi oBTC",
    "symbol": "crvoBTC",
  },
  "0x3472A5A71965499acd81997a54BBA8D852C6E53d": Object {
    "address": "0x3472A5A71965499acd81997a54BBA8D852C6E53d",
    "decimals": 18,
    "name": "Badger",
    "symbol": "BADGER",
  },
  "0x3c9d6c1C73b31c837832c72E04D3152f051fc1A9": Object {
    "address": "0x3c9d6c1C73b31c837832c72E04D3152f051fc1A9",
    "decimals": 18,
    "name": "BoringDAO Token",
    "symbol": "BOR",
  },
  "0x410e3E86ef427e30B9235497143881f717d93c2A": Object {
    "address": "0x410e3E86ef427e30B9235497143881f717d93c2A",
    "decimals": 18,
    "name": "Curve.fi bBTC",
    "symbol": "crvbBTC",
  },
  "0x48c59199Da51B7E30Ea200a74Ea07974e62C4bA7": Object {
    "address": "0x48c59199Da51B7E30Ea200a74Ea07974e62C4bA7",
    "decimals": 18,
    "name": "mhBTC",
    "symbol": "mhBTC",
  },
  "0x49849C98ae39Fff122806C06791Fa73784FB3675": Object {
    "address": "0x49849C98ae39Fff122806C06791Fa73784FB3675",
    "decimals": 18,
    "name": "Curve.fi: renBTC/wBTC",
    "symbol": "crvrenWBTC",
  },
  "0x4b92d19c11435614CD49Af1b589001b7c08cD4D5": Object {
    "address": "0x4b92d19c11435614CD49Af1b589001b7c08cD4D5",
    "decimals": 8,
    "name": "Yearn WBTC",
    "symbol": "bvyWBTC",
  },
  "0x4e3FBD56CD56c3e72c1403e103b45Db9da5B9D2B": Object {
    "address": "0x4e3FBD56CD56c3e72c1403e103b45Db9da5B9D2B",
    "decimals": 18,
    "name": "Convex Token",
    "symbol": "CVX",
  },
  "0x5228a22e72ccC52d415EcFd199F99D0665E7733b": Object {
    "address": "0x5228a22e72ccC52d415EcFd199F99D0665E7733b",
    "decimals": 18,
    "name": "pTokens BTC",
    "symbol": "PBTC",
  },
  "0x53C8E199eb2Cb7c01543C137078a038937a68E40": Object {
    "address": "0x53C8E199eb2Cb7c01543C137078a038937a68E40",
    "decimals": 18,
    "name": "bCVX",
    "symbol": "bCVX",
  },
  "0x55912D0Cf83B75c492E761932ABc4DB4a5CB1b17": Object {
    "address": "0x55912D0Cf83B75c492E761932ABc4DB4a5CB1b17",
    "decimals": 18,
    "name": "bCurve.fi pBTC/wBTC",
    "symbol": "bcrvpBTC",
  },
  "0x58CAc1409F1ffbdcBA6a58d54c94CAC3fb4C6F8B": Object {
    "address": "0x58CAc1409F1ffbdcBA6a58d54c94CAC3fb4C6F8B",
    "decimals": 18,
    "name": "brenBTC",
    "symbol": "brenBTC",
  },
  "0x599D92B453C010b1050d31C364f6ee17E819f193": Object {
    "address": "0x599D92B453C010b1050d31C364f6ee17E819f193",
    "decimals": 18,
    "name": "bimBTC",
    "symbol": "bimBTC",
  },
  "0x5Dce29e92b1b939F8E8C60DcF15BDE82A85be4a9": Object {
    "address": "0x5Dce29e92b1b939F8E8C60DcF15BDE82A85be4a9",
    "decimals": 18,
    "name": "bCurve.fi bBTC/wBTC",
    "symbol": "bcrvbBTC",
  },
  "0x608b6D82eb121F3e5C0baeeD32d81007B916E83C": Object {
    "address": "0x608b6D82eb121F3e5C0baeeD32d81007B916E83C",
    "decimals": 18,
    "name": "bzsDigg",
    "symbol": "bzsDIGG",
  },
  "0x62B9c7356A2Dc64a1969e19C23e4f579F9810Aa7": Object {
    "address": "0x62B9c7356A2Dc64a1969e19C23e4f579F9810Aa7",
    "decimals": 18,
    "name": "Convex CRV",
    "symbol": "cvxCRV",
  },
  "0x64eda51d3Ad40D56b9dFc5554E06F94e1Dd786Fd": Object {
    "address": "0x64eda51d3Ad40D56b9dFc5554E06F94e1Dd786Fd",
    "decimals": 18,
    "name": "Curve.fi tBTC",
    "symbol": "crvtBTC",
  },
  "0x68c269B60c58c4ed50c63B217BA0EC7f8a371920": Object {
    "address": "0x68c269B60c58c4ed50c63B217BA0EC7f8a371920",
    "decimals": 18,
    "name": "DIGG Rebase Option 3",
    "symbol": "DROPT-3",
  },
  "0x6B175474E89094C44Da98b954EedeAC495271d0F": Object {
    "address": "0x6B175474E89094C44Da98b954EedeAC495271d0F",
    "decimals": 18,
    "name": "Dai",
    "symbol": "DAI",
  },
  "0x6B3595068778DD592e39A122f4f5a5cF09C90fE2": Object {
    "address": "0x6B3595068778DD592e39A122f4f5a5cF09C90fE2",
    "decimals": 18,
    "name": "Sushi",
    "symbol": "Sushi",
  },
  "0x6c3F90f043a72FA612cbac8115EE7e52BDe6E490": Object {
    "address": "0x6c3F90f043a72FA612cbac8115EE7e52BDe6E490",
    "decimals": 18,
    "name": "Curve.fi 3crv",
    "symbol": "3CRV",
  },
  "0x6dEf55d2e18486B9dDfaA075bc4e4EE0B28c1545": Object {
    "address": "0x6dEf55d2e18486B9dDfaA075bc4e4EE0B28c1545",
    "decimals": 18,
    "name": "bCurve.fi: renCrv Token",
    "symbol": "bcrvrenBTC",
  },
  "0x758A43EE2BFf8230eeb784879CdcFF4828F2544D": Object {
    "address": "0x758A43EE2BFf8230eeb784879CdcFF4828F2544D",
    "decimals": 18,
    "name": "bSushiSwap: WBTC-ETH",
    "symbol": "bSLP-WBTC-ETH",
  },
  "0x798D1bE841a82a273720CE31c822C61a67a601C3": Object {
    "address": "0x798D1bE841a82a273720CE31c822C61a67a601C3",
    "decimals": 9,
    "name": "Digg",
    "symbol": "DIGG",
  },
  "0x7e7E112A68d8D2E221E11047a72fFC1065c38e1a": Object {
    "address": "0x7e7E112A68d8D2E221E11047a72fFC1065c38e1a",
    "decimals": 18,
    "name": "bDigg",
    "symbol": "bDIGG",
  },
  "0x8064d9Ae6cDf087b1bcd5BDf3531bD5d8C537a68": Object {
    "address": "0x8064d9Ae6cDf087b1bcd5BDf3531bD5d8C537a68",
    "decimals": 18,
    "name": "Boring DAO BTC",
    "symbol": "OBTC",
  },
  "0x85Eee30c52B0b379b046Fb0F85F4f3Dc3009aFEC": Object {
    "address": "0x85Eee30c52B0b379b046Fb0F85F4f3Dc3009aFEC",
    "decimals": 18,
    "name": "Keep Network",
    "symbol": "KEEP",
  },
  "0x8798249c2E607446EfB7Ad49eC89dD1865Ff4272": Object {
    "address": "0x8798249c2E607446EfB7Ad49eC89dD1865Ff4272",
    "decimals": 18,
    "name": "xSushi",
    "symbol": "xSUSHI",
  },
  "0x88128580ACdD9c04Ce47AFcE196875747bF2A9f6": Object {
    "address": "0x88128580ACdD9c04Ce47AFcE196875747bF2A9f6",
    "decimals": 18,
    "name": "bSushiSwap: WBTC-DIGG",
    "symbol": "bSLP-DIGG-WBTC",
  },
  "0x89Ab32156e46F46D02ade3FEcbe5Fc4243B9AAeD": Object {
    "address": "0x89Ab32156e46F46D02ade3FEcbe5Fc4243B9AAeD",
    "decimals": 18,
    "name": "pNetwork Token",
    "symbol": "PNT",
  },
  "0x8a8FFec8f4A0C8c9585Da95D9D97e8Cd6de273DE": Object {
    "address": "0x8a8FFec8f4A0C8c9585Da95D9D97e8Cd6de273DE",
    "decimals": 18,
    "name": "bSushiSwap: ibBTC-WBTC",
    "symbol": "bSLP-IBBTC-WBTC",
  },
  "0x8c76970747afd5398e958bDfadA4cf0B9FcA16c4": Object {
    "address": "0x8c76970747afd5398e958bDfadA4cf0B9FcA16c4",
    "decimals": 18,
    "name": "bCurve.fi hBTC/wBTC",
    "symbol": "bcrvhBTC",
  },
  "0x8dAEBADE922dF735c38C80C7eBD708Af50815fAa": Object {
    "address": "0x8dAEBADE922dF735c38C80C7eBD708Af50815fAa",
    "decimals": 18,
    "name": "Keep Network BTC",
    "symbol": "TBTC",
  },
  "0x937B8E917d0F36eDEBBA8E459C5FB16F3b315551": Object {
    "address": "0x937B8E917d0F36eDEBBA8E459C5FB16F3b315551",
    "decimals": 18,
    "name": "bcrvCVXbveCVX",
    "symbol": "bcrvCVXbveCVX",
  },
  "0x937B8E917d0F36eDEBBA8E459C5FB16F3b315551": Object {
    "address": "0x937B8E917d0F36eDEBBA8E459C5FB16F3b315551",
    "decimals": 18,
    "name": "bcrvCVXbveCVX",
    "symbol": "bcrvCVXbveCVX",
    "type": "Vault",
    "vaultToken": Object {
      "address": "0x04c90C198b2eFF55716079bc06d7CCc4aa4d7512",
      "network": "eth",
    },
  },
  "0x945Facb997494CC2570096c74b5F66A3507330a1": Object {
    "address": "0x945Facb997494CC2570096c74b5F66A3507330a1",
    "decimals": 18,
    "name": "mBTC",
    "symbol": "mBTC",
  },
  "0x952F4Ac36EF204a28800AA1c1586C5261B600894": Object {
    "address": "0x952F4Ac36EF204a28800AA1c1586C5261B600894",
    "decimals": 18,
    "name": "DIGG Rebase Option 2",
    "symbol": "DROPT-2",
  },
  "0x9BE89D2a4cd102D8Fecc6BF9dA793be995C22541": Object {
    "address": "0x9BE89D2a4cd102D8Fecc6BF9dA793be995C22541",
    "decimals": 8,
    "name": "Binance Wrapped BTC",
    "symbol": "BBTC",
  },
  "0x9a13867048e01c663ce8Ce2fE0cDAE69Ff9F35E3": Object {
    "address": "0x9a13867048e01c663ce8Ce2fE0cDAE69Ff9F35E3",
    "decimals": 18,
    "name": "Sushiswap: WBTC-DIGG",
    "symbol": "SLP-DIGG-WBTC",
  },
  "0xA0b86991c6218b36c1d19D4a2e9Eb0cE3606eB48": Object {
    "address": "0xA0b86991c6218b36c1d19D4a2e9Eb0cE3606eB48",
    "decimals": 6,
    "name": "US Dollar Coin",
    "symbol": "USDC",
  },
  "0xAf5A1DECfa95BAF63E0084a35c62592B774A2A87": Object {
    "address": "0xAf5A1DECfa95BAF63E0084a35c62592B774A2A87",
    "decimals": 18,
    "name": "bHarvest crvRenWBTC",
    "symbol": "bcrvhrenBTC",
  },
  "0xBC19712FEB3a26080eBf6f2F7849b417FdD792CA": Object {
    "address": "0xBC19712FEB3a26080eBf6f2F7849b417FdD792CA",
    "decimals": 18,
    "name": "BoringDAO Token",
    "symbol": "BOR",
  },
  "0xBE08Ef12e4a553666291E9fFC24fCCFd354F2Dd2": Object {
    "address": "0xBE08Ef12e4a553666291E9fFC24fCCFd354F2Dd2",
    "decimals": 18,
    "name": "bCurve.fi USD/BTC/ETH",
    "symbol": "bcrvTricrypto",
  },
  "0xC02aaA39b223FE8D0A0e5C4F27eAD9083C756Cc2": Object {
    "address": "0xC02aaA39b223FE8D0A0e5C4F27eAD9083C756Cc2",
    "decimals": 18,
    "name": "Wrapped Ethereum",
    "symbol": "WETH",
  },
  "0xC17078FDd324CC473F8175Dc5290fae5f2E84714": Object {
    "address": "0xC17078FDd324CC473F8175Dc5290fae5f2E84714",
    "decimals": 18,
    "name": "bUniswap V2: WBTC-DIGG",
    "symbol": "bDIGG-WBTC",
  },
  "0xCEfF51756c56CeFFCA006cD410B03FFC46dd3a58": Object {
    "address": "0xCEfF51756c56CeFFCA006cD410B03FFC46dd3a58",
    "decimals": 18,
    "name": "Sushiswap: WBTC-ETH",
    "symbol": "SLP-WBTC-ETH",
  },
  "0xD533a949740bb3306d119CC777fa900bA034cd52": Object {
    "address": "0xD533a949740bb3306d119CC777fa900bA034cd52",
    "decimals": 18,
    "name": "Curve DAO Token",
    "symbol": "CRV",
  },
  "0xDE5331AC4B3630f94853Ff322B66407e0D6331E8": Object {
    "address": "0xDE5331AC4B3630f94853Ff322B66407e0D6331E8",
    "decimals": 18,
    "name": "Curve.fi pBTC",
    "symbol": "crvpBTC",
  },
  "0xE143aA25Eec81B4Fc952b38b6Bca8D2395481377": Object {
    "address": "0xE143aA25Eec81B4Fc952b38b6Bca8D2395481377",
    "decimals": 18,
    "name": "Badger Vote Escrowed CVX",
    "symbol": "bveCVX",
  },
  "0xE86204c4eDDd2f70eE00EAd6805f917671F56c52": Object {
    "address": "0xE86204c4eDDd2f70eE00EAd6805f917671F56c52",
    "decimals": 18,
    "name": "Uniswap V2: WBTC-DIGG",
    "symbol": "DIGG-WBTC",
  },
  "0xEB4C2781e4ebA804CE9a9803C67d0893436bB27D": Object {
    "address": "0xEB4C2781e4ebA804CE9a9803C67d0893436bB27D",
    "decimals": 8,
    "name": "Ren Protocol BTC",
    "symbol": "renBTC",
  },
  "0xa0246c9032bC3A600820415aE600c6388619A14D": Object {
    "address": "0xa0246c9032bC3A600820415aE600c6388619A14D",
    "decimals": 18,
    "name": "Farm",
    "symbol": "FARM",
  },
  "0xa3BeD4E1c75D00fa6f4E5E6922DB7261B5E9AcD2": Object {
    "address": "0xa3BeD4E1c75D00fa6f4E5E6922DB7261B5E9AcD2",
    "decimals": 18,
    "name": "Meta",
    "symbol": "MTA",
  },
  "0xb19059ebb43466C323583928285a49f558E572Fd": Object {
    "address": "0xb19059ebb43466C323583928285a49f558E572Fd",
    "decimals": 18,
    "name": "Curve.fi hBTC",
    "symbol": "crvhBTC",
  },
  "0xb9D076fDe463dbc9f915E5392F807315Bf940334": Object {
    "address": "0xb9D076fDe463dbc9f915E5392F807315Bf940334",
    "decimals": 18,
    "name": "bCurve.fi tBTC",
    "symbol": "bcrvtBTC",
  },
  "0xc4AD29ba4B3c580e6D59105FFf484999997675Ff": Object {
    "address": "0xc4AD29ba4B3c580e6D59105FFf484999997675Ff",
    "decimals": 18,
    "name": "Curve.fi Tricrypto2",
    "symbol": "crvTricrypto2",
  },
  "0xc4E15973E6fF2A35cC804c2CF9D2a1b817a8b40F": Object {
    "address": "0xc4E15973E6fF2A35cC804c2CF9D2a1b817a8b40F",
    "decimals": 18,
    "lookupName": "interest-bearing-bitcoin",
    "name": "ibBTC",
    "symbol": "ibBTC",
  },
  "0xcA3d75aC011BF5aD07a98d02f18225F9bD9A6BDF": Object {
    "address": "0xcA3d75aC011BF5aD07a98d02f18225F9bD9A6BDF",
    "decimals": 18,
    "name": "Curve.fi Tricrypto",
    "symbol": "crvTricrypto",
  },
  "0xcD7989894bc033581532D2cd88Da5db0A4b12859": Object {
    "address": "0xcD7989894bc033581532D2cd88Da5db0A4b12859",
    "decimals": 18,
    "name": "Uniswap V2: WBTC-BADGER",
    "symbol": "BADGER-WBTC",
  },
  "0xd04c48A53c111300aD41190D63681ed3dAd998eC": Object {
    "address": "0xd04c48A53c111300aD41190D63681ed3dAd998eC",
    "decimals": 18,
    "name": "bCurve.fi renBTC/wBTC/sBTC",
    "symbol": "bcrvsBTC",
  },
  "0xdAC17F958D2ee523a2206206994597C13D831ec7": Object {
    "address": "0xdAC17F958D2ee523a2206206994597C13D831ec7",
    "decimals": 6,
    "name": "Tether",
    "symbol": "USDT",
  },
  "0xf349c0faA80fC1870306Ac093f75934078e28991": Object {
    "address": "0xf349c0faA80fC1870306Ac093f75934078e28991",
    "decimals": 18,
    "name": "bCurve.fi oBTC/wBTC",
    "symbol": "bcrvoBTC",
  },
  "0xfE18be6b3Bd88A2D2A7f928d00292E7a9963CfC6": Object {
    "address": "0xfE18be6b3Bd88A2D2A7f928d00292E7a9963CfC6",
    "decimals": 18,
    "name": "Synthetix Network BTC",
    "symbol": "sBTC",
  },
  "0xfd05D3C7fe2924020620A8bE4961bBaA747e6305": Object {
    "address": "0xfd05D3C7fe2924020620A8bE4961bBaA747e6305",
    "decimals": 18,
    "name": "Badger Vote Escrowed CVX",
    "symbol": "bveCVX",
  },
}
`;

exports[`TokensController GET /v2/tokens with an invalid specified chain returns a 400 1`] = `
Object {
  "message": "invalid is not a supported chain",
}
`;

exports[`TokensController GET /v2/tokens with no specified chain returns eth token config 1`] = `
Object {
  "0x0316EB71485b0Ab14103307bf65a021042c6d380": Object {
    "address": "0x0316EB71485b0Ab14103307bf65a021042c6d380",
    "decimals": 18,
    "name": "Huobi BTC",
    "symbol": "HBTC",
  },
  "0x04c90C198b2eFF55716079bc06d7CCc4aa4d7512": Object {
    "address": "0x04c90C198b2eFF55716079bc06d7CCc4aa4d7512",
    "decimals": 18,
    "name": "Curve.fi CVX/bveCVX",
    "symbol": "crvCVXbveCVX",
  },
  "0x04c90C198b2eFF55716079bc06d7CCc4aa4d7512": Object {
    "address": "0x04c90C198b2eFF55716079bc06d7CCc4aa4d7512",
    "decimals": 18,
    "name": "Curve.fi CVX/bveCVX",
    "symbol": "crvCVXbveCVX",
    "type": "CurveLP",
  },
  "0x075b1bb99792c9E1041bA13afEf80C91a1e70fB3": Object {
    "address": "0x075b1bb99792c9E1041bA13afEf80C91a1e70fB3",
    "decimals": 18,
    "name": "Curve.fi renBTC/wBTC/sBTC",
    "symbol": "crvsBTC",
  },
  "0x110492b31c59716AC47337E616804E3E3AdC0b4a": Object {
    "address": "0x110492b31c59716AC47337E616804E3E3AdC0b4a",
    "decimals": 18,
    "name": "Sushiswap: WBTC-BADGER",
    "symbol": "SLP-BADGER-WBTC",
  },
  "0x17d8CBB6Bce8cEE970a4027d1198F6700A7a6c24": Object {
    "address": "0x17d8CBB6Bce8cEE970a4027d1198F6700A7a6c24",
    "decimals": 18,
    "name": "imBTC",
    "symbol": "imBTC",
  },
  "0x1862A18181346EBd9EdAf800804f89190DeF24a5": Object {
    "address": "0x1862A18181346EBd9EdAf800804f89190DeF24a5",
    "decimals": 18,
    "name": "bSushiSwap: WBTC-BADGER",
    "symbol": "bSLP-BADGER-WBTC",
  },
  "0x18d98D452072Ac2EB7b74ce3DB723374360539f1": Object {
    "address": "0x18d98D452072Ac2EB7b74ce3DB723374360539f1",
    "decimals": 18,
    "name": "Sushiswap: ibBTC-WBTC",
    "symbol": "SLP-IBBTC-WBTC",
  },
  "0x19D97D8fA813EE2f51aD4B4e04EA08bAf4DFfC28": Object {
    "address": "0x19D97D8fA813EE2f51aD4B4e04EA08bAf4DFfC28",
    "decimals": 18,
    "name": "bBadger",
    "symbol": "bBADGER",
  },
  "0x20c36f062a31865bED8a5B1e512D9a1A20AA333A": Object {
    "address": "0x20c36f062a31865bED8a5B1e512D9a1A20AA333A",
    "decimals": 18,
    "name": "DeFi Dollar",
    "symbol": "DFD",
  },
  "0x2260FAC5E5542a773Aa44fBCfeDf7C193bc2C599": Object {
    "address": "0x2260FAC5E5542a773Aa44fBCfeDf7C193bc2C599",
    "decimals": 8,
    "name": "Wrapped Bitcoin",
    "symbol": "WBTC",
  },
  "0x235c9e24D3FB2FAFd58a2E49D454Fdcd2DBf7FF1": Object {
    "address": "0x235c9e24D3FB2FAFd58a2E49D454Fdcd2DBf7FF1",
    "decimals": 18,
    "name": "bUniswap V2: WBTC-BADGER",
    "symbol": "bBADGER-WBTC",
  },
  "0x26B8efa69603537AC8ab55768b6740b67664D518": Object {
    "address": "0x26B8efa69603537AC8ab55768b6740b67664D518",
    "decimals": 18,
    "name": "bmhBTC",
    "symbol": "bmhBTC",
  },
  "0x27E98fC7d05f54E544d16F58C194C2D7ba71e3B5": Object {
    "address": "0x27E98fC7d05f54E544d16F58C194C2D7ba71e3B5",
    "decimals": 18,
    "name": "bCurve.fi USD/BTC/ETH",
    "symbol": "bcrvTricrypto2",
  },
  "0x2B5455aac8d64C14786c3a29858E43b5945819C0": Object {
    "address": "0x2B5455aac8d64C14786c3a29858E43b5945819C0",
    "decimals": 18,
    "name": "bCVXCRV",
    "symbol": "bCVXCRV",
  },
  "0x2fE94ea3d5d4a175184081439753DE15AeF9d614": Object {
    "address": "0x2fE94ea3d5d4a175184081439753DE15AeF9d614",
    "decimals": 18,
    "name": "Curve.fi oBTC",
    "symbol": "crvoBTC",
  },
  "0x3472A5A71965499acd81997a54BBA8D852C6E53d": Object {
    "address": "0x3472A5A71965499acd81997a54BBA8D852C6E53d",
    "decimals": 18,
    "name": "Badger",
    "symbol": "BADGER",
  },
  "0x3c9d6c1C73b31c837832c72E04D3152f051fc1A9": Object {
    "address": "0x3c9d6c1C73b31c837832c72E04D3152f051fc1A9",
    "decimals": 18,
    "name": "BoringDAO Token",
    "symbol": "BOR",
  },
  "0x410e3E86ef427e30B9235497143881f717d93c2A": Object {
    "address": "0x410e3E86ef427e30B9235497143881f717d93c2A",
    "decimals": 18,
    "name": "Curve.fi bBTC",
    "symbol": "crvbBTC",
  },
  "0x48c59199Da51B7E30Ea200a74Ea07974e62C4bA7": Object {
    "address": "0x48c59199Da51B7E30Ea200a74Ea07974e62C4bA7",
    "decimals": 18,
    "name": "mhBTC",
    "symbol": "mhBTC",
  },
  "0x49849C98ae39Fff122806C06791Fa73784FB3675": Object {
    "address": "0x49849C98ae39Fff122806C06791Fa73784FB3675",
    "decimals": 18,
    "name": "Curve.fi: renBTC/wBTC",
    "symbol": "crvrenWBTC",
  },
  "0x4b92d19c11435614CD49Af1b589001b7c08cD4D5": Object {
    "address": "0x4b92d19c11435614CD49Af1b589001b7c08cD4D5",
    "decimals": 8,
    "name": "Yearn WBTC",
    "symbol": "bvyWBTC",
  },
  "0x4e3FBD56CD56c3e72c1403e103b45Db9da5B9D2B": Object {
    "address": "0x4e3FBD56CD56c3e72c1403e103b45Db9da5B9D2B",
    "decimals": 18,
    "name": "Convex Token",
    "symbol": "CVX",
  },
  "0x5228a22e72ccC52d415EcFd199F99D0665E7733b": Object {
    "address": "0x5228a22e72ccC52d415EcFd199F99D0665E7733b",
    "decimals": 18,
    "name": "pTokens BTC",
    "symbol": "PBTC",
  },
  "0x53C8E199eb2Cb7c01543C137078a038937a68E40": Object {
    "address": "0x53C8E199eb2Cb7c01543C137078a038937a68E40",
    "decimals": 18,
    "name": "bCVX",
    "symbol": "bCVX",
  },
  "0x55912D0Cf83B75c492E761932ABc4DB4a5CB1b17": Object {
    "address": "0x55912D0Cf83B75c492E761932ABc4DB4a5CB1b17",
    "decimals": 18,
    "name": "bCurve.fi pBTC/wBTC",
    "symbol": "bcrvpBTC",
  },
  "0x58CAc1409F1ffbdcBA6a58d54c94CAC3fb4C6F8B": Object {
    "address": "0x58CAc1409F1ffbdcBA6a58d54c94CAC3fb4C6F8B",
    "decimals": 18,
    "name": "brenBTC",
    "symbol": "brenBTC",
  },
  "0x599D92B453C010b1050d31C364f6ee17E819f193": Object {
    "address": "0x599D92B453C010b1050d31C364f6ee17E819f193",
    "decimals": 18,
    "name": "bimBTC",
    "symbol": "bimBTC",
  },
  "0x5Dce29e92b1b939F8E8C60DcF15BDE82A85be4a9": Object {
    "address": "0x5Dce29e92b1b939F8E8C60DcF15BDE82A85be4a9",
    "decimals": 18,
    "name": "bCurve.fi bBTC/wBTC",
    "symbol": "bcrvbBTC",
  },
  "0x608b6D82eb121F3e5C0baeeD32d81007B916E83C": Object {
    "address": "0x608b6D82eb121F3e5C0baeeD32d81007B916E83C",
    "decimals": 18,
    "name": "bzsDigg",
    "symbol": "bzsDIGG",
  },
  "0x62B9c7356A2Dc64a1969e19C23e4f579F9810Aa7": Object {
    "address": "0x62B9c7356A2Dc64a1969e19C23e4f579F9810Aa7",
    "decimals": 18,
    "name": "Convex CRV",
    "symbol": "cvxCRV",
  },
  "0x64eda51d3Ad40D56b9dFc5554E06F94e1Dd786Fd": Object {
    "address": "0x64eda51d3Ad40D56b9dFc5554E06F94e1Dd786Fd",
    "decimals": 18,
    "name": "Curve.fi tBTC",
    "symbol": "crvtBTC",
  },
  "0x68c269B60c58c4ed50c63B217BA0EC7f8a371920": Object {
    "address": "0x68c269B60c58c4ed50c63B217BA0EC7f8a371920",
    "decimals": 18,
    "name": "DIGG Rebase Option 3",
    "symbol": "DROPT-3",
  },
  "0x6B175474E89094C44Da98b954EedeAC495271d0F": Object {
    "address": "0x6B175474E89094C44Da98b954EedeAC495271d0F",
    "decimals": 18,
    "name": "Dai",
    "symbol": "DAI",
  },
  "0x6B3595068778DD592e39A122f4f5a5cF09C90fE2": Object {
    "address": "0x6B3595068778DD592e39A122f4f5a5cF09C90fE2",
    "decimals": 18,
    "name": "Sushi",
    "symbol": "Sushi",
  },
  "0x6c3F90f043a72FA612cbac8115EE7e52BDe6E490": Object {
    "address": "0x6c3F90f043a72FA612cbac8115EE7e52BDe6E490",
    "decimals": 18,
    "name": "Curve.fi 3crv",
    "symbol": "3CRV",
  },
  "0x6dEf55d2e18486B9dDfaA075bc4e4EE0B28c1545": Object {
    "address": "0x6dEf55d2e18486B9dDfaA075bc4e4EE0B28c1545",
    "decimals": 18,
    "name": "bCurve.fi: renCrv Token",
    "symbol": "bcrvrenBTC",
  },
  "0x758A43EE2BFf8230eeb784879CdcFF4828F2544D": Object {
    "address": "0x758A43EE2BFf8230eeb784879CdcFF4828F2544D",
    "decimals": 18,
    "name": "bSushiSwap: WBTC-ETH",
    "symbol": "bSLP-WBTC-ETH",
  },
  "0x798D1bE841a82a273720CE31c822C61a67a601C3": Object {
    "address": "0x798D1bE841a82a273720CE31c822C61a67a601C3",
    "decimals": 9,
    "name": "Digg",
    "symbol": "DIGG",
  },
  "0x7e7E112A68d8D2E221E11047a72fFC1065c38e1a": Object {
    "address": "0x7e7E112A68d8D2E221E11047a72fFC1065c38e1a",
    "decimals": 18,
    "name": "bDigg",
    "symbol": "bDIGG",
  },
  "0x8064d9Ae6cDf087b1bcd5BDf3531bD5d8C537a68": Object {
    "address": "0x8064d9Ae6cDf087b1bcd5BDf3531bD5d8C537a68",
    "decimals": 18,
    "name": "Boring DAO BTC",
    "symbol": "OBTC",
  },
  "0x85Eee30c52B0b379b046Fb0F85F4f3Dc3009aFEC": Object {
    "address": "0x85Eee30c52B0b379b046Fb0F85F4f3Dc3009aFEC",
    "decimals": 18,
    "name": "Keep Network",
    "symbol": "KEEP",
  },
  "0x8798249c2E607446EfB7Ad49eC89dD1865Ff4272": Object {
    "address": "0x8798249c2E607446EfB7Ad49eC89dD1865Ff4272",
    "decimals": 18,
    "name": "xSushi",
    "symbol": "xSUSHI",
  },
  "0x88128580ACdD9c04Ce47AFcE196875747bF2A9f6": Object {
    "address": "0x88128580ACdD9c04Ce47AFcE196875747bF2A9f6",
    "decimals": 18,
    "name": "bSushiSwap: WBTC-DIGG",
    "symbol": "bSLP-DIGG-WBTC",
  },
  "0x89Ab32156e46F46D02ade3FEcbe5Fc4243B9AAeD": Object {
    "address": "0x89Ab32156e46F46D02ade3FEcbe5Fc4243B9AAeD",
    "decimals": 18,
    "name": "pNetwork Token",
    "symbol": "PNT",
  },
  "0x8a8FFec8f4A0C8c9585Da95D9D97e8Cd6de273DE": Object {
    "address": "0x8a8FFec8f4A0C8c9585Da95D9D97e8Cd6de273DE",
    "decimals": 18,
    "name": "bSushiSwap: ibBTC-WBTC",
    "symbol": "bSLP-IBBTC-WBTC",
  },
  "0x8c76970747afd5398e958bDfadA4cf0B9FcA16c4": Object {
    "address": "0x8c76970747afd5398e958bDfadA4cf0B9FcA16c4",
    "decimals": 18,
    "name": "bCurve.fi hBTC/wBTC",
    "symbol": "bcrvhBTC",
  },
  "0x8dAEBADE922dF735c38C80C7eBD708Af50815fAa": Object {
    "address": "0x8dAEBADE922dF735c38C80C7eBD708Af50815fAa",
    "decimals": 18,
    "name": "Keep Network BTC",
    "symbol": "TBTC",
  },
  "0x937B8E917d0F36eDEBBA8E459C5FB16F3b315551": Object {
    "address": "0x937B8E917d0F36eDEBBA8E459C5FB16F3b315551",
    "decimals": 18,
    "name": "bcrvCVXbveCVX",
    "symbol": "bcrvCVXbveCVX",
  },
  "0x937B8E917d0F36eDEBBA8E459C5FB16F3b315551": Object {
    "address": "0x937B8E917d0F36eDEBBA8E459C5FB16F3b315551",
    "decimals": 18,
    "name": "bcrvCVXbveCVX",
    "symbol": "bcrvCVXbveCVX",
    "type": "Vault",
    "vaultToken": Object {
      "address": "0x04c90C198b2eFF55716079bc06d7CCc4aa4d7512",
      "network": "eth",
    },
  },
  "0x945Facb997494CC2570096c74b5F66A3507330a1": Object {
    "address": "0x945Facb997494CC2570096c74b5F66A3507330a1",
    "decimals": 18,
    "name": "mBTC",
    "symbol": "mBTC",
  },
  "0x952F4Ac36EF204a28800AA1c1586C5261B600894": Object {
    "address": "0x952F4Ac36EF204a28800AA1c1586C5261B600894",
    "decimals": 18,
    "name": "DIGG Rebase Option 2",
    "symbol": "DROPT-2",
  },
  "0x9BE89D2a4cd102D8Fecc6BF9dA793be995C22541": Object {
    "address": "0x9BE89D2a4cd102D8Fecc6BF9dA793be995C22541",
    "decimals": 8,
    "name": "Binance Wrapped BTC",
    "symbol": "BBTC",
  },
  "0x9a13867048e01c663ce8Ce2fE0cDAE69Ff9F35E3": Object {
    "address": "0x9a13867048e01c663ce8Ce2fE0cDAE69Ff9F35E3",
    "decimals": 18,
    "name": "Sushiswap: WBTC-DIGG",
    "symbol": "SLP-DIGG-WBTC",
  },
  "0xA0b86991c6218b36c1d19D4a2e9Eb0cE3606eB48": Object {
    "address": "0xA0b86991c6218b36c1d19D4a2e9Eb0cE3606eB48",
    "decimals": 6,
    "name": "US Dollar Coin",
    "symbol": "USDC",
  },
  "0xAf5A1DECfa95BAF63E0084a35c62592B774A2A87": Object {
    "address": "0xAf5A1DECfa95BAF63E0084a35c62592B774A2A87",
    "decimals": 18,
    "name": "bHarvest crvRenWBTC",
    "symbol": "bcrvhrenBTC",
  },
  "0xBC19712FEB3a26080eBf6f2F7849b417FdD792CA": Object {
    "address": "0xBC19712FEB3a26080eBf6f2F7849b417FdD792CA",
    "decimals": 18,
    "name": "BoringDAO Token",
    "symbol": "BOR",
  },
  "0xBE08Ef12e4a553666291E9fFC24fCCFd354F2Dd2": Object {
    "address": "0xBE08Ef12e4a553666291E9fFC24fCCFd354F2Dd2",
    "decimals": 18,
    "name": "bCurve.fi USD/BTC/ETH",
    "symbol": "bcrvTricrypto",
  },
  "0xC02aaA39b223FE8D0A0e5C4F27eAD9083C756Cc2": Object {
    "address": "0xC02aaA39b223FE8D0A0e5C4F27eAD9083C756Cc2",
    "decimals": 18,
    "name": "Wrapped Ethereum",
    "symbol": "WETH",
  },
  "0xC17078FDd324CC473F8175Dc5290fae5f2E84714": Object {
    "address": "0xC17078FDd324CC473F8175Dc5290fae5f2E84714",
    "decimals": 18,
    "name": "bUniswap V2: WBTC-DIGG",
    "symbol": "bDIGG-WBTC",
  },
  "0xCEfF51756c56CeFFCA006cD410B03FFC46dd3a58": Object {
    "address": "0xCEfF51756c56CeFFCA006cD410B03FFC46dd3a58",
    "decimals": 18,
    "name": "Sushiswap: WBTC-ETH",
    "symbol": "SLP-WBTC-ETH",
  },
  "0xD533a949740bb3306d119CC777fa900bA034cd52": Object {
    "address": "0xD533a949740bb3306d119CC777fa900bA034cd52",
    "decimals": 18,
    "name": "Curve DAO Token",
    "symbol": "CRV",
  },
  "0xDE5331AC4B3630f94853Ff322B66407e0D6331E8": Object {
    "address": "0xDE5331AC4B3630f94853Ff322B66407e0D6331E8",
    "decimals": 18,
    "name": "Curve.fi pBTC",
    "symbol": "crvpBTC",
  },
  "0xE143aA25Eec81B4Fc952b38b6Bca8D2395481377": Object {
    "address": "0xE143aA25Eec81B4Fc952b38b6Bca8D2395481377",
    "decimals": 18,
    "name": "Badger Vote Escrowed CVX",
    "symbol": "bveCVX",
  },
  "0xE86204c4eDDd2f70eE00EAd6805f917671F56c52": Object {
    "address": "0xE86204c4eDDd2f70eE00EAd6805f917671F56c52",
    "decimals": 18,
    "name": "Uniswap V2: WBTC-DIGG",
    "symbol": "DIGG-WBTC",
  },
  "0xEB4C2781e4ebA804CE9a9803C67d0893436bB27D": Object {
    "address": "0xEB4C2781e4ebA804CE9a9803C67d0893436bB27D",
    "decimals": 8,
    "name": "Ren Protocol BTC",
    "symbol": "renBTC",
  },
  "0xa0246c9032bC3A600820415aE600c6388619A14D": Object {
    "address": "0xa0246c9032bC3A600820415aE600c6388619A14D",
    "decimals": 18,
    "name": "Farm",
    "symbol": "FARM",
  },
  "0xa3BeD4E1c75D00fa6f4E5E6922DB7261B5E9AcD2": Object {
    "address": "0xa3BeD4E1c75D00fa6f4E5E6922DB7261B5E9AcD2",
    "decimals": 18,
    "name": "Meta",
    "symbol": "MTA",
  },
  "0xb19059ebb43466C323583928285a49f558E572Fd": Object {
    "address": "0xb19059ebb43466C323583928285a49f558E572Fd",
    "decimals": 18,
    "name": "Curve.fi hBTC",
    "symbol": "crvhBTC",
  },
  "0xb9D076fDe463dbc9f915E5392F807315Bf940334": Object {
    "address": "0xb9D076fDe463dbc9f915E5392F807315Bf940334",
    "decimals": 18,
    "name": "bCurve.fi tBTC",
    "symbol": "bcrvtBTC",
  },
  "0xc4AD29ba4B3c580e6D59105FFf484999997675Ff": Object {
    "address": "0xc4AD29ba4B3c580e6D59105FFf484999997675Ff",
    "decimals": 18,
    "name": "Curve.fi Tricrypto2",
    "symbol": "crvTricrypto2",
  },
  "0xc4E15973E6fF2A35cC804c2CF9D2a1b817a8b40F": Object {
    "address": "0xc4E15973E6fF2A35cC804c2CF9D2a1b817a8b40F",
    "decimals": 18,
    "lookupName": "interest-bearing-bitcoin",
    "name": "ibBTC",
    "symbol": "ibBTC",
  },
  "0xcA3d75aC011BF5aD07a98d02f18225F9bD9A6BDF": Object {
    "address": "0xcA3d75aC011BF5aD07a98d02f18225F9bD9A6BDF",
    "decimals": 18,
    "name": "Curve.fi Tricrypto",
    "symbol": "crvTricrypto",
  },
  "0xcD7989894bc033581532D2cd88Da5db0A4b12859": Object {
    "address": "0xcD7989894bc033581532D2cd88Da5db0A4b12859",
    "decimals": 18,
    "name": "Uniswap V2: WBTC-BADGER",
    "symbol": "BADGER-WBTC",
  },
  "0xd04c48A53c111300aD41190D63681ed3dAd998eC": Object {
    "address": "0xd04c48A53c111300aD41190D63681ed3dAd998eC",
    "decimals": 18,
    "name": "bCurve.fi renBTC/wBTC/sBTC",
    "symbol": "bcrvsBTC",
  },
  "0xdAC17F958D2ee523a2206206994597C13D831ec7": Object {
    "address": "0xdAC17F958D2ee523a2206206994597C13D831ec7",
    "decimals": 6,
    "name": "Tether",
    "symbol": "USDT",
  },
  "0xf349c0faA80fC1870306Ac093f75934078e28991": Object {
    "address": "0xf349c0faA80fC1870306Ac093f75934078e28991",
    "decimals": 18,
    "name": "bCurve.fi oBTC/wBTC",
    "symbol": "bcrvoBTC",
  },
  "0xfE18be6b3Bd88A2D2A7f928d00292E7a9963CfC6": Object {
    "address": "0xfE18be6b3Bd88A2D2A7f928d00292E7a9963CfC6",
    "decimals": 18,
    "name": "Synthetix Network BTC",
    "symbol": "sBTC",
  },
  "0xfd05D3C7fe2924020620A8bE4961bBaA747e6305": Object {
    "address": "0xfd05D3C7fe2924020620A8bE4961bBaA747e6305",
    "decimals": 18,
    "name": "Badger Vote Escrowed CVX",
    "symbol": "bveCVX",
  },
}
`;
