// Jest Snapshot v1, https://goo.gl/fbAQLP

exports[`proofs.service getBouncerProof returns the user proof for a user on the bouncer list 1`] = `
Array [
  "0x2B5455aac8d64C14786c3a29858E43b5945819C0",
  "0x2B5455aac8d64C14786c3a29858E43b5945819C0",
  "0x2B5455aac8d64C14786c3a29858E43b5945819C0",
]
`;
