// Jest Snapshot v1, https://goo.gl/fbAQLP

exports[`PricesController GET /v2/prices with a specified chain returns the specified token config for bsc 1`] = `
Object {
  "0x0E09FaBB73Bd3Ade0a17ECC321fD13a19e81cE82": 0,
  "0x1F7216fdB338247512Ec99715587bb97BBf96eae": 1,
  "0x5986D5c77c65e5801a5cAa4fAE80089f870A71dA": 5,
  "0x5A58609dA96469E9dEf3fE344bC39B00d18eb9A5": 5,
  "0x61EB789d75A95CAa3fF50ed7E47b96c132fEc082": 6,
  "0x7130d2A12B9BCbFAe4f2634d864A1Ee1Ce3Ead9c": 7,
  "0x753fbc5800a8C8e3Fb6DC6415810d627A387Dfc9": 7,
  "0x7561EEe90e24F3b348E1087A005F78B4c8453524": 7,
  "0x81d776C90c89B8d51E9497D58338933127e2fA80": 8,
  "0x857F91f735f4B03b19D2b5c6E476C73DB8241F55": 8,
  "0xa861Ba302674b08f7F2F24381b705870521DDfed": 10,
  "0xaf4B9C4b545D5324904bAa15e29796D2E2f90813": 10,
  "0xbb4CdB9CBd36B01bD1cBaEBF2De08d9173bc095c": 11,
}
`;

exports[`PricesController GET /v2/prices with a specified chain returns the specified token config for eth 1`] = `
Object {
  "0x0316EB71485b0Ab14103307bf65a021042c6d380": 0,
  "0x04c90C198b2eFF55716079bc06d7CCc4aa4d7512": 0,
  "0x075b1bb99792c9E1041bA13afEf80C91a1e70fB3": 0,
  "0x090185f2135308BaD17527004364eBcC2D37e5F6": 0,
  "0x110492b31c59716AC47337E616804E3E3AdC0b4a": 1,
  "0x15cBC4ac1e81c97667780fE6DAdeDd04a6EEB47B": 1,
  "0x17d8CBB6Bce8cEE970a4027d1198F6700A7a6c24": 1,
  "0x1862A18181346EBd9EdAf800804f89190DeF24a5": 1,
  "0x18d98D452072Ac2EB7b74ce3DB723374360539f1": 1,
  "0x19D97D8fA813EE2f51aD4B4e04EA08bAf4DFfC28": 1,
  "0x19E4d89e0cB807ea21B8CEF02df5eAA99A110dA5": 1,
  "0x20c36f062a31865bED8a5B1e512D9a1A20AA333A": 2,
  "0x2260FAC5E5542a773Aa44fBCfeDf7C193bc2C599": 2,
  "0x235c9e24D3FB2FAFd58a2E49D454Fdcd2DBf7FF1": 2,
  "0x26B8efa69603537AC8ab55768b6740b67664D518": 2,
  "0x27E98fC7d05f54E544d16F58C194C2D7ba71e3B5": 2,
  "0x2B5455aac8d64C14786c3a29858E43b5945819C0": 2,
  "0x2fE94ea3d5d4a175184081439753DE15AeF9d614": 2,
  "0x3472A5A71965499acd81997a54BBA8D852C6E53d": 3,
  "0x3c9d6c1C73b31c837832c72E04D3152f051fc1A9": 3,
  "0x410e3E86ef427e30B9235497143881f717d93c2A": 4,
  "0x48c59199Da51B7E30Ea200a74Ea07974e62C4bA7": 4,
  "0x49849C98ae39Fff122806C06791Fa73784FB3675": 4,
  "0x4b92d19c11435614CD49Af1b589001b7c08cD4D5": 4,
  "0x4e3FBD56CD56c3e72c1403e103b45Db9da5B9D2B": 4,
  "0x5228a22e72ccC52d415EcFd199F99D0665E7733b": 5,
  "0x53C8E199eb2Cb7c01543C137078a038937a68E40": 5,
  "0x55912D0Cf83B75c492E761932ABc4DB4a5CB1b17": 5,
  "0x599D92B453C010b1050d31C364f6ee17E819f193": 5,
  "0x5Dce29e92b1b939F8E8C60DcF15BDE82A85be4a9": 5,
  "0x5a6A4D54456819380173272A5E8E9B9904BdF41B": 5,
  "0x62B9c7356A2Dc64a1969e19C23e4f579F9810Aa7": 6,
  "0x64eda51d3Ad40D56b9dFc5554E06F94e1Dd786Fd": 6,
  "0x6B175474E89094C44Da98b954EedeAC495271d0F": 6,
  "0x6B3595068778DD592e39A122f4f5a5cF09C90fE2": 6,
  "0x6aF7377b5009d7d154F36FE9e235aE1DA27Aea22": 6,
  "0x6c3F90f043a72FA612cbac8115EE7e52BDe6E490": 6,
  "0x6dEf55d2e18486B9dDfaA075bc4e4EE0B28c1545": 6,
  "0x758A43EE2BFf8230eeb784879CdcFF4828F2544D": 7,
  "0x798D1bE841a82a273720CE31c822C61a67a601C3": 7,
  "0x7e7E112A68d8D2E221E11047a72fFC1065c38e1a": 7,
  "0x8064d9Ae6cDf087b1bcd5BDf3531bD5d8C537a68": 8,
  "0x853d955aCEf822Db058eb8505911ED77F175b99e": 8,
  "0x85Eee30c52B0b379b046Fb0F85F4f3Dc3009aFEC": 8,
  "0x8751D4196027d4e6DA63716fA7786B5174F04C15": 8,
  "0x8798249c2E607446EfB7Ad49eC89dD1865Ff4272": 8,
  "0x88128580ACdD9c04Ce47AFcE196875747bF2A9f6": 8,
  "0x89Ab32156e46F46D02ade3FEcbe5Fc4243B9AAeD": 8,
  "0x8a8FFec8f4A0C8c9585Da95D9D97e8Cd6de273DE": 8,
  "0x8c76970747afd5398e958bDfadA4cf0B9FcA16c4": 8,
  "0x8dAEBADE922dF735c38C80C7eBD708Af50815fAa": 8,
  "0x937B8E917d0F36eDEBBA8E459C5FB16F3b315551": 9,
  "0x945Facb997494CC2570096c74b5F66A3507330a1": 9,
  "0x99D8a9C45b2ecA8864373A26D1459e3Dff1e17F3": 9,
  "0x99F39D495C6A5237f43602f3Ab5F49786E46c9B0": 9,
  "0x9BE89D2a4cd102D8Fecc6BF9dA793be995C22541": 9,
  "0x9a13867048e01c663ce8Ce2fE0cDAE69Ff9F35E3": 9,
  "0xA0b86991c6218b36c1d19D4a2e9Eb0cE3606eB48": 10,
  "0xAf5A1DECfa95BAF63E0084a35c62592B774A2A87": 10,
  "0xBC19712FEB3a26080eBf6f2F7849b417FdD792CA": 11,
  "0xBE08Ef12e4a553666291E9fFC24fCCFd354F2Dd2": 11,
  "0xC02aaA39b223FE8D0A0e5C4F27eAD9083C756Cc2": 12,
  "0xC17078FDd324CC473F8175Dc5290fae5f2E84714": 12,
  "0xCEfF51756c56CeFFCA006cD410B03FFC46dd3a58": 12,
  "0xD533a949740bb3306d119CC777fa900bA034cd52": 13,
  "0xDE5331AC4B3630f94853Ff322B66407e0D6331E8": 13,
  "0xE86204c4eDDd2f70eE00EAd6805f917671F56c52": 14,
  "0xEB4C2781e4ebA804CE9a9803C67d0893436bB27D": 14,
  "0xFbdCA68601f835b27790D98bbb8eC7f05FDEaA9B": 15,
  "0xa0246c9032bC3A600820415aE600c6388619A14D": 10,
  "0xa3BeD4E1c75D00fa6f4E5E6922DB7261B5E9AcD2": 10,
  "0xaE96fF08771a109dc6650a1BdCa62F2d558E40af": 10,
  "0xb19059ebb43466C323583928285a49f558E572Fd": 11,
  "0xb9D076fDe463dbc9f915E5392F807315Bf940334": 11,
  "0xc4AD29ba4B3c580e6D59105FFf484999997675Ff": 12,
  "0xc4E15973E6fF2A35cC804c2CF9D2a1b817a8b40F": 12,
  "0xcA3d75aC011BF5aD07a98d02f18225F9bD9A6BDF": 12,
  "0xcD7989894bc033581532D2cd88Da5db0A4b12859": 12,
  "0xd04c48A53c111300aD41190D63681ed3dAd998eC": 13,
  "0xd632f22692FaC7611d2AA1C0D552930D43CAEd3B": 13,
  "0xdAC17F958D2ee523a2206206994597C13D831ec7": 13,
  "0xf349c0faA80fC1870306Ac093f75934078e28991": 15,
  "0xfE18be6b3Bd88A2D2A7f928d00292E7a9963CfC6": 15,
  "0xfd05D3C7fe2924020620A8bE4961bBaA747e6305": 15,
}
`;

exports[`PricesController GET /v2/prices with an invalid specified chain returns a 400 1`] = `
Object {
  "message": "invalid is not a supported chain",
}
`;

exports[`PricesController GET /v2/prices with no specified chain returns eth token config 1`] = `
Object {
  "0x0316EB71485b0Ab14103307bf65a021042c6d380": 0,
  "0x04c90C198b2eFF55716079bc06d7CCc4aa4d7512": 0,
  "0x075b1bb99792c9E1041bA13afEf80C91a1e70fB3": 0,
  "0x090185f2135308BaD17527004364eBcC2D37e5F6": 0,
  "0x110492b31c59716AC47337E616804E3E3AdC0b4a": 1,
  "0x15cBC4ac1e81c97667780fE6DAdeDd04a6EEB47B": 1,
  "0x17d8CBB6Bce8cEE970a4027d1198F6700A7a6c24": 1,
  "0x1862A18181346EBd9EdAf800804f89190DeF24a5": 1,
  "0x18d98D452072Ac2EB7b74ce3DB723374360539f1": 1,
  "0x19D97D8fA813EE2f51aD4B4e04EA08bAf4DFfC28": 1,
  "0x19E4d89e0cB807ea21B8CEF02df5eAA99A110dA5": 1,
  "0x20c36f062a31865bED8a5B1e512D9a1A20AA333A": 2,
  "0x2260FAC5E5542a773Aa44fBCfeDf7C193bc2C599": 2,
  "0x235c9e24D3FB2FAFd58a2E49D454Fdcd2DBf7FF1": 2,
  "0x26B8efa69603537AC8ab55768b6740b67664D518": 2,
  "0x27E98fC7d05f54E544d16F58C194C2D7ba71e3B5": 2,
  "0x2B5455aac8d64C14786c3a29858E43b5945819C0": 2,
  "0x2fE94ea3d5d4a175184081439753DE15AeF9d614": 2,
  "0x3472A5A71965499acd81997a54BBA8D852C6E53d": 3,
  "0x3c9d6c1C73b31c837832c72E04D3152f051fc1A9": 3,
  "0x410e3E86ef427e30B9235497143881f717d93c2A": 4,
  "0x48c59199Da51B7E30Ea200a74Ea07974e62C4bA7": 4,
  "0x49849C98ae39Fff122806C06791Fa73784FB3675": 4,
  "0x4b92d19c11435614CD49Af1b589001b7c08cD4D5": 4,
  "0x4e3FBD56CD56c3e72c1403e103b45Db9da5B9D2B": 4,
  "0x5228a22e72ccC52d415EcFd199F99D0665E7733b": 5,
  "0x53C8E199eb2Cb7c01543C137078a038937a68E40": 5,
  "0x55912D0Cf83B75c492E761932ABc4DB4a5CB1b17": 5,
  "0x599D92B453C010b1050d31C364f6ee17E819f193": 5,
  "0x5Dce29e92b1b939F8E8C60DcF15BDE82A85be4a9": 5,
  "0x5a6A4D54456819380173272A5E8E9B9904BdF41B": 5,
  "0x62B9c7356A2Dc64a1969e19C23e4f579F9810Aa7": 6,
  "0x64eda51d3Ad40D56b9dFc5554E06F94e1Dd786Fd": 6,
  "0x6B175474E89094C44Da98b954EedeAC495271d0F": 6,
  "0x6B3595068778DD592e39A122f4f5a5cF09C90fE2": 6,
  "0x6aF7377b5009d7d154F36FE9e235aE1DA27Aea22": 6,
  "0x6c3F90f043a72FA612cbac8115EE7e52BDe6E490": 6,
  "0x6dEf55d2e18486B9dDfaA075bc4e4EE0B28c1545": 6,
  "0x758A43EE2BFf8230eeb784879CdcFF4828F2544D": 7,
  "0x798D1bE841a82a273720CE31c822C61a67a601C3": 7,
  "0x7e7E112A68d8D2E221E11047a72fFC1065c38e1a": 7,
  "0x8064d9Ae6cDf087b1bcd5BDf3531bD5d8C537a68": 8,
  "0x853d955aCEf822Db058eb8505911ED77F175b99e": 8,
  "0x85Eee30c52B0b379b046Fb0F85F4f3Dc3009aFEC": 8,
  "0x8751D4196027d4e6DA63716fA7786B5174F04C15": 8,
  "0x8798249c2E607446EfB7Ad49eC89dD1865Ff4272": 8,
  "0x88128580ACdD9c04Ce47AFcE196875747bF2A9f6": 8,
  "0x89Ab32156e46F46D02ade3FEcbe5Fc4243B9AAeD": 8,
  "0x8a8FFec8f4A0C8c9585Da95D9D97e8Cd6de273DE": 8,
  "0x8c76970747afd5398e958bDfadA4cf0B9FcA16c4": 8,
  "0x8dAEBADE922dF735c38C80C7eBD708Af50815fAa": 8,
  "0x937B8E917d0F36eDEBBA8E459C5FB16F3b315551": 9,
  "0x945Facb997494CC2570096c74b5F66A3507330a1": 9,
  "0x99D8a9C45b2ecA8864373A26D1459e3Dff1e17F3": 9,
  "0x99F39D495C6A5237f43602f3Ab5F49786E46c9B0": 9,
  "0x9BE89D2a4cd102D8Fecc6BF9dA793be995C22541": 9,
  "0x9a13867048e01c663ce8Ce2fE0cDAE69Ff9F35E3": 9,
  "0xA0b86991c6218b36c1d19D4a2e9Eb0cE3606eB48": 10,
  "0xAf5A1DECfa95BAF63E0084a35c62592B774A2A87": 10,
  "0xBC19712FEB3a26080eBf6f2F7849b417FdD792CA": 11,
  "0xBE08Ef12e4a553666291E9fFC24fCCFd354F2Dd2": 11,
  "0xC02aaA39b223FE8D0A0e5C4F27eAD9083C756Cc2": 12,
  "0xC17078FDd324CC473F8175Dc5290fae5f2E84714": 12,
  "0xCEfF51756c56CeFFCA006cD410B03FFC46dd3a58": 12,
  "0xD533a949740bb3306d119CC777fa900bA034cd52": 13,
  "0xDE5331AC4B3630f94853Ff322B66407e0D6331E8": 13,
  "0xE86204c4eDDd2f70eE00EAd6805f917671F56c52": 14,
  "0xEB4C2781e4ebA804CE9a9803C67d0893436bB27D": 14,
  "0xFbdCA68601f835b27790D98bbb8eC7f05FDEaA9B": 15,
  "0xa0246c9032bC3A600820415aE600c6388619A14D": 10,
  "0xa3BeD4E1c75D00fa6f4E5E6922DB7261B5E9AcD2": 10,
  "0xaE96fF08771a109dc6650a1BdCa62F2d558E40af": 10,
  "0xb19059ebb43466C323583928285a49f558E572Fd": 11,
  "0xb9D076fDe463dbc9f915E5392F807315Bf940334": 11,
  "0xc4AD29ba4B3c580e6D59105FFf484999997675Ff": 12,
  "0xc4E15973E6fF2A35cC804c2CF9D2a1b817a8b40F": 12,
  "0xcA3d75aC011BF5aD07a98d02f18225F9bD9A6BDF": 12,
  "0xcD7989894bc033581532D2cd88Da5db0A4b12859": 12,
  "0xd04c48A53c111300aD41190D63681ed3dAd998eC": 13,
  "0xd632f22692FaC7611d2AA1C0D552930D43CAEd3B": 13,
  "0xdAC17F958D2ee523a2206206994597C13D831ec7": 13,
  "0xf349c0faA80fC1870306Ac093f75934078e28991": 15,
  "0xfE18be6b3Bd88A2D2A7f928d00292E7a9963CfC6": 15,
  "0xfd05D3C7fe2924020620A8bE4961bBaA747e6305": 15,
}
`;
