// Jest Snapshot v1, https://goo.gl/fbAQLP

exports[`leaderboards.service getPriceSummary returns a price summary for the requested chains tokens 1`] = `
Object {
  "0x0316EB71485b0Ab14103307bf65a021042c6d380": 130.66666666666666,
  "0x04c90C198b2eFF55716079bc06d7CCc4aa4d7512": 202.66666666666666,
  "0x075b1bb99792c9E1041bA13afEf80C91a1e70fB3": 312,
  "0x110492b31c59716AC47337E616804E3E3AdC0b4a": 725.3333333333334,
  "0x15cBC4ac1e81c97667780fE6DAdeDd04a6EEB47B": 928,
  "0x17d8CBB6Bce8cEE970a4027d1198F6700A7a6c24": 1016,
  "0x1862A18181346EBd9EdAf800804f89190DeF24a5": 1040,
  "0x18d98D452072Ac2EB7b74ce3DB723374360539f1": 1058.6666666666667,
  "0x19D97D8fA813EE2f51aD4B4e04EA08bAf4DFfC28": 1101.3333333333333,
  "0x19E4d89e0cB807ea21B8CEF02df5eAA99A110dA5": 1104,
  "0x20c36f062a31865bED8a5B1e512D9a1A20AA333A": 1397.3333333333333,
  "0x2260FAC5E5542a773Aa44fBCfeDf7C193bc2C599": 1466.6666666666667,
  "0x235c9e24D3FB2FAFd58a2E49D454Fdcd2DBf7FF1": 1506.6666666666667,
  "0x26B8efa69603537AC8ab55768b6740b67664D518": 1650.6666666666667,
  "0x27E98fC7d05f54E544d16F58C194C2D7ba71e3B5": 1701.3333333333333,
  "0x2B5455aac8d64C14786c3a29858E43b5945819C0": 1848,
  "0x2fE94ea3d5d4a175184081439753DE15AeF9d614": 2042.6666666666667,
  "0x3472A5A71965499acd81997a54BBA8D852C6E53d": 2237.3333333333335,
  "0x3c9d6c1C73b31c837832c72E04D3152f051fc1A9": 2584,
  "0x410e3E86ef427e30B9235497143881f717d93c2A": 2773.3333333333335,
  "0x48c59199Da51B7E30Ea200a74Ea07974e62C4bA7": 3104,
  "0x49849C98ae39Fff122806C06791Fa73784FB3675": 3136,
  "0x4b92d19c11435614CD49Af1b589001b7c08cD4D5": 3224,
  "0x4e3FBD56CD56c3e72c1403e103b45Db9da5B9D2B": 3336,
  "0x5228a22e72ccC52d415EcFd199F99D0665E7733b": 3504,
  "0x53C8E199eb2Cb7c01543C137078a038937a68E40": 3573.3333333333335,
  "0x55912D0Cf83B75c492E761932ABc4DB4a5CB1b17": 3650.6666666666665,
  "0x599D92B453C010b1050d31C364f6ee17E819f193": 3821.3333333333335,
  "0x5Dce29e92b1b939F8E8C60DcF15BDE82A85be4a9": 4000,
  "0x5a6A4D54456819380173272A5E8E9B9904BdF41B": 3856,
  "0x62B9c7356A2Dc64a1969e19C23e4f579F9810Aa7": 4210.666666666667,
  "0x64eda51d3Ad40D56b9dFc5554E06F94e1Dd786Fd": 4304,
  "0x68c269B60c58c4ed50c63B217BA0EC7f8a371920": 4469.333333333333,
  "0x6B175474E89094C44Da98b954EedeAC495271d0F": 4568,
  "0x6B3595068778DD592e39A122f4f5a5cF09C90fE2": 4573.333333333333,
  "0x6aF7377b5009d7d154F36FE9e235aE1DA27Aea22": 4562.666666666667,
  "0x6c3F90f043a72FA612cbac8115EE7e52BDe6E490": 4616,
  "0x6dEf55d2e18486B9dDfaA075bc4e4EE0B28c1545": 4688,
  "0x758A43EE2BFf8230eeb784879CdcFF4828F2544D": 5013.333333333333,
  "0x798D1bE841a82a273720CE31c822C61a67a601C3": 5184,
  "0x7e7E112A68d8D2E221E11047a72fFC1065c38e1a": 5394.666666666667,
  "0x8064d9Ae6cDf087b1bcd5BDf3531bD5d8C537a68": 5477.333333333333,
  "0x853d955aCEf822Db058eb8505911ED77F175b99e": 5682.666666666667,
  "0x85Eee30c52B0b379b046Fb0F85F4f3Dc3009aFEC": 5712,
  "0x8751D4196027d4e6DA63716fA7786B5174F04C15": 5773.333333333333,
  "0x8798249c2E607446EfB7Ad49eC89dD1865Ff4272": 5784,
  "0x88128580ACdD9c04Ce47AFcE196875747bF2A9f6": 5805.333333333333,
  "0x89Ab32156e46F46D02ade3FEcbe5Fc4243B9AAeD": 5872,
  "0x8a8FFec8f4A0C8c9585Da95D9D97e8Cd6de273DE": 5909.333333333333,
  "0x8c76970747afd5398e958bDfadA4cf0B9FcA16c4": 5992,
  "0x8dAEBADE922dF735c38C80C7eBD708Af50815fAa": 6042.666666666667,
  "0x937B8E917d0F36eDEBBA8E459C5FB16F3b315551": 6290.666666666667,
  "0x945Facb997494CC2570096c74b5F66A3507330a1": 6328,
  "0x952F4Ac36EF204a28800AA1c1586C5261B600894": 6362.666666666667,
  "0x99D8a9C45b2ecA8864373A26D1459e3Dff1e17F3": 6562.666666666667,
  "0x99F39D495C6A5237f43602f3Ab5F49786E46c9B0": 6568,
  "0x9BE89D2a4cd102D8Fecc6BF9dA793be995C22541": 6650.666666666667,
  "0x9a13867048e01c663ce8Ce2fE0cDAE69Ff9F35E3": 6573.333333333333,
  "0xA0b86991c6218b36c1d19D4a2e9Eb0cE3606eB48": 6856,
  "0xAf5A1DECfa95BAF63E0084a35c62592B774A2A87": 7480,
  "0xBC19712FEB3a26080eBf6f2F7849b417FdD792CA": 8024,
  "0xBE08Ef12e4a553666291E9fFC24fCCFd354F2Dd2": 8106.666666666667,
  "0xC02aaA39b223FE8D0A0e5C4F27eAD9083C756Cc2": 8197.333333333334,
  "0xC17078FDd324CC473F8175Dc5290fae5f2E84714": 8253.333333333334,
  "0xCEfF51756c56CeFFCA006cD410B03FFC46dd3a58": 8829.333333333334,
  "0xD533a949740bb3306d119CC777fa900bA034cd52": 9096,
  "0xDE5331AC4B3630f94853Ff322B66407e0D6331E8": 9485.333333333334,
  "0xE143aA25Eec81B4Fc952b38b6Bca8D2395481377": 9610.666666666666,
  "0xE86204c4eDDd2f70eE00EAd6805f917671F56c52": 9914.666666666666,
  "0xEB4C2781e4ebA804CE9a9803C67d0893436bB27D": 10037.333333333334,
  "0xFbdCA68601f835b27790D98bbb8eC7f05FDEaA9B": 10744,
  "0xa0246c9032bC3A600820415aE600c6388619A14D": 6832,
  "0xa3BeD4E1c75D00fa6f4E5E6922DB7261B5E9AcD2": 6984,
  "0xaE96fF08771a109dc6650a1BdCa62F2d558E40af": 7448,
  "0xb19059ebb43466C323583928285a49f558E572Fd": 7576,
  "0xb9D076fDe463dbc9f915E5392F807315Bf940334": 7928,
  "0xc4AD29ba4B3c580e6D59105FFf484999997675Ff": 8389.333333333334,
  "0xc4E15973E6fF2A35cC804c2CF9D2a1b817a8b40F": 8400,
  "0xcA3d75aC011BF5aD07a98d02f18225F9bD9A6BDF": 8626.666666666666,
  "0xcD7989894bc033581532D2cd88Da5db0A4b12859": 8765.333333333334,
  "0xd04c48A53c111300aD41190D63681ed3dAd998eC": 8885.333333333334,
  "0xd632f22692FaC7611d2AA1C0D552930D43CAEd3B": 9138.666666666666,
  "0xdAC17F958D2ee523a2206206994597C13D831ec7": 9333.333333333334,
  "0xf349c0faA80fC1870306Ac093f75934078e28991": 10378.666666666666,
  "0xfE18be6b3Bd88A2D2A7f928d00292E7a9963CfC6": 10840,
  "0xfd05D3C7fe2924020620A8bE4961bBaA747e6305": 10794.666666666666,
}
`;
