// Jest Snapshot v1, https://goo.gl/fbAQLP

exports[`rewards.v2.controller list returns page zero with default page size per page with no query params 1`] = `
Object {
  "total_count": 40,
  "total_page_num": 2,
  "users": Array [
    Object {
      "rewards": Object {
        "0x3472A5A71965499acd81997a54BBA8D852C6E53d": 1,
      },
      "user_addr": "0x19D97D8fA813EE2f51aD4B4e04EA08bAf4DFfC28",
    },
    Object {
      "rewards": Object {
        "0x3472A5A71965499acd81997a54BBA8D852C6E53d": 1,
      },
      "user_addr": "0x19D97D8fA813EE2f51aD4B4e04EA08bAf4DFfC28",
    },
    Object {
      "rewards": Object {
        "0x3472A5A71965499acd81997a54BBA8D852C6E53d": 1,
      },
      "user_addr": "0x19D97D8fA813EE2f51aD4B4e04EA08bAf4DFfC28",
    },
    Object {
      "rewards": Object {
        "0x3472A5A71965499acd81997a54BBA8D852C6E53d": 1,
      },
      "user_addr": "0x19D97D8fA813EE2f51aD4B4e04EA08bAf4DFfC28",
    },
    Object {
      "rewards": Object {
        "0x3472A5A71965499acd81997a54BBA8D852C6E53d": 1,
      },
      "user_addr": "0x19D97D8fA813EE2f51aD4B4e04EA08bAf4DFfC28",
    },
    Object {
      "rewards": Object {
        "0x3472A5A71965499acd81997a54BBA8D852C6E53d": 1,
        "0xfd05D3C7fe2924020620A8bE4961bBaA747e6305": 1,
      },
      "user_addr": "0x19D97D8fA813EE2f51aD4B4e04EA08bAf4DFfC28",
    },
    Object {
      "rewards": Object {
        "0x3472A5A71965499acd81997a54BBA8D852C6E53d": 1,
        "0xfd05D3C7fe2924020620A8bE4961bBaA747e6305": 1,
      },
      "user_addr": "0x19D97D8fA813EE2f51aD4B4e04EA08bAf4DFfC28",
    },
    Object {
      "rewards": Object {
        "0x3472A5A71965499acd81997a54BBA8D852C6E53d": 1,
        "0xfd05D3C7fe2924020620A8bE4961bBaA747e6305": 1,
      },
      "user_addr": "0x19D97D8fA813EE2f51aD4B4e04EA08bAf4DFfC28",
    },
    Object {
      "rewards": Object {
        "0x3472A5A71965499acd81997a54BBA8D852C6E53d": 1,
        "0xfd05D3C7fe2924020620A8bE4961bBaA747e6305": 1,
      },
      "user_addr": "0x19D97D8fA813EE2f51aD4B4e04EA08bAf4DFfC28",
    },
    Object {
      "rewards": Object {
        "0x3472A5A71965499acd81997a54BBA8D852C6E53d": 1,
        "0xfd05D3C7fe2924020620A8bE4961bBaA747e6305": 1,
      },
      "user_addr": "0x19D97D8fA813EE2f51aD4B4e04EA08bAf4DFfC28",
    },
    Object {
      "rewards": Object {
        "0x3472A5A71965499acd81997a54BBA8D852C6E53d": 1,
        "0x798D1bE841a82a273720CE31c822C61a67a601C3": 2e-9,
      },
      "user_addr": "0x19D97D8fA813EE2f51aD4B4e04EA08bAf4DFfC28",
    },
    Object {
      "rewards": Object {
        "0x3472A5A71965499acd81997a54BBA8D852C6E53d": 1,
        "0x798D1bE841a82a273720CE31c822C61a67a601C3": 2e-9,
      },
      "user_addr": "0x19D97D8fA813EE2f51aD4B4e04EA08bAf4DFfC28",
    },
    Object {
      "rewards": Object {
        "0x3472A5A71965499acd81997a54BBA8D852C6E53d": 1,
        "0x798D1bE841a82a273720CE31c822C61a67a601C3": 2e-9,
      },
      "user_addr": "0x19D97D8fA813EE2f51aD4B4e04EA08bAf4DFfC28",
    },
    Object {
      "rewards": Object {
        "0x3472A5A71965499acd81997a54BBA8D852C6E53d": 1,
        "0x798D1bE841a82a273720CE31c822C61a67a601C3": 2e-9,
      },
      "user_addr": "0x19D97D8fA813EE2f51aD4B4e04EA08bAf4DFfC28",
    },
    Object {
      "rewards": Object {
        "0x3472A5A71965499acd81997a54BBA8D852C6E53d": 1,
        "0x798D1bE841a82a273720CE31c822C61a67a601C3": 2e-9,
      },
      "user_addr": "0x19D97D8fA813EE2f51aD4B4e04EA08bAf4DFfC28",
    },
    Object {
      "rewards": Object {
        "0xBA485b556399123261a5F9c95d413B4f93107407": 1,
      },
      "user_addr": "0x19D97D8fA813EE2f51aD4B4e04EA08bAf4DFfC28",
    },
    Object {
      "rewards": Object {
        "0xBA485b556399123261a5F9c95d413B4f93107407": 1,
      },
      "user_addr": "0x19D97D8fA813EE2f51aD4B4e04EA08bAf4DFfC28",
    },
    Object {
      "rewards": Object {
        "0xBA485b556399123261a5F9c95d413B4f93107407": 1,
      },
      "user_addr": "0x19D97D8fA813EE2f51aD4B4e04EA08bAf4DFfC28",
    },
    Object {
      "rewards": Object {
        "0xBA485b556399123261a5F9c95d413B4f93107407": 1,
      },
      "user_addr": "0x19D97D8fA813EE2f51aD4B4e04EA08bAf4DFfC28",
    },
    Object {
      "rewards": Object {
        "0xBA485b556399123261a5F9c95d413B4f93107407": 1,
      },
      "user_addr": "0x19D97D8fA813EE2f51aD4B4e04EA08bAf4DFfC28",
    },
    Object {
      "rewards": Object {
        "0x3472A5A71965499acd81997a54BBA8D852C6E53d": 1,
      },
      "user_addr": "0x19D97D8fA813EE2f51aD4B4e04EA08bAf4DFfC28",
    },
    Object {
      "rewards": Object {
        "0x3472A5A71965499acd81997a54BBA8D852C6E53d": 1,
      },
      "user_addr": "0x19D97D8fA813EE2f51aD4B4e04EA08bAf4DFfC28",
    },
    Object {
      "rewards": Object {
        "0x3472A5A71965499acd81997a54BBA8D852C6E53d": 1,
      },
      "user_addr": "0x19D97D8fA813EE2f51aD4B4e04EA08bAf4DFfC28",
    },
    Object {
      "rewards": Object {
        "0x3472A5A71965499acd81997a54BBA8D852C6E53d": 1,
      },
      "user_addr": "0x19D97D8fA813EE2f51aD4B4e04EA08bAf4DFfC28",
    },
    Object {
      "rewards": Object {
        "0x3472A5A71965499acd81997a54BBA8D852C6E53d": 1,
      },
      "user_addr": "0x19D97D8fA813EE2f51aD4B4e04EA08bAf4DFfC28",
    },
    Object {
      "rewards": Object {
        "0x3472A5A71965499acd81997a54BBA8D852C6E53d": 1,
        "0xfd05D3C7fe2924020620A8bE4961bBaA747e6305": 1,
      },
      "user_addr": "0x19D97D8fA813EE2f51aD4B4e04EA08bAf4DFfC28",
    },
    Object {
      "rewards": Object {
        "0x3472A5A71965499acd81997a54BBA8D852C6E53d": 1,
        "0xfd05D3C7fe2924020620A8bE4961bBaA747e6305": 1,
      },
      "user_addr": "0x19D97D8fA813EE2f51aD4B4e04EA08bAf4DFfC28",
    },
    Object {
      "rewards": Object {
        "0x3472A5A71965499acd81997a54BBA8D852C6E53d": 1,
        "0xfd05D3C7fe2924020620A8bE4961bBaA747e6305": 1,
      },
      "user_addr": "0x19D97D8fA813EE2f51aD4B4e04EA08bAf4DFfC28",
    },
    Object {
      "rewards": Object {
        "0x3472A5A71965499acd81997a54BBA8D852C6E53d": 1,
        "0xfd05D3C7fe2924020620A8bE4961bBaA747e6305": 1,
      },
      "user_addr": "0x19D97D8fA813EE2f51aD4B4e04EA08bAf4DFfC28",
    },
    Object {
      "rewards": Object {
        "0x3472A5A71965499acd81997a54BBA8D852C6E53d": 1,
        "0xfd05D3C7fe2924020620A8bE4961bBaA747e6305": 1,
      },
      "user_addr": "0x19D97D8fA813EE2f51aD4B4e04EA08bAf4DFfC28",
    },
    Object {
      "rewards": Object {
        "0x3472A5A71965499acd81997a54BBA8D852C6E53d": 1,
        "0x798D1bE841a82a273720CE31c822C61a67a601C3": 2e-9,
      },
      "user_addr": "0x19D97D8fA813EE2f51aD4B4e04EA08bAf4DFfC28",
    },
    Object {
      "rewards": Object {
        "0x3472A5A71965499acd81997a54BBA8D852C6E53d": 1,
        "0x798D1bE841a82a273720CE31c822C61a67a601C3": 2e-9,
      },
      "user_addr": "0x19D97D8fA813EE2f51aD4B4e04EA08bAf4DFfC28",
    },
    Object {
      "rewards": Object {
        "0x3472A5A71965499acd81997a54BBA8D852C6E53d": 1,
        "0x798D1bE841a82a273720CE31c822C61a67a601C3": 2e-9,
      },
      "user_addr": "0x19D97D8fA813EE2f51aD4B4e04EA08bAf4DFfC28",
    },
    Object {
      "rewards": Object {
        "0x3472A5A71965499acd81997a54BBA8D852C6E53d": 1,
        "0x798D1bE841a82a273720CE31c822C61a67a601C3": 2e-9,
      },
      "user_addr": "0x19D97D8fA813EE2f51aD4B4e04EA08bAf4DFfC28",
    },
    Object {
      "rewards": Object {
        "0x3472A5A71965499acd81997a54BBA8D852C6E53d": 1,
        "0x798D1bE841a82a273720CE31c822C61a67a601C3": 2e-9,
      },
      "user_addr": "0x19D97D8fA813EE2f51aD4B4e04EA08bAf4DFfC28",
    },
    Object {
      "rewards": Object {
        "0xBA485b556399123261a5F9c95d413B4f93107407": 1,
      },
      "user_addr": "0x19D97D8fA813EE2f51aD4B4e04EA08bAf4DFfC28",
    },
    Object {
      "rewards": Object {
        "0xBA485b556399123261a5F9c95d413B4f93107407": 1,
      },
      "user_addr": "0x19D97D8fA813EE2f51aD4B4e04EA08bAf4DFfC28",
    },
    Object {
      "rewards": Object {
        "0xBA485b556399123261a5F9c95d413B4f93107407": 1,
      },
      "user_addr": "0x19D97D8fA813EE2f51aD4B4e04EA08bAf4DFfC28",
    },
    Object {
      "rewards": Object {
        "0xBA485b556399123261a5F9c95d413B4f93107407": 1,
      },
      "user_addr": "0x19D97D8fA813EE2f51aD4B4e04EA08bAf4DFfC28",
    },
    Object {
      "rewards": Object {
        "0xBA485b556399123261a5F9c95d413B4f93107407": 1,
      },
      "user_addr": "0x19D97D8fA813EE2f51aD4B4e04EA08bAf4DFfC28",
    },
  ],
}
`;
